<span class="hljs-punctuation">[</span><span class="hljs-punctuation">]</span> <span class="hljs-punctuation">[</span><span class="hljs-number">1</span> <span class="hljs-number">2</span> <span class="hljs-number">3</span><span class="hljs-punctuation">]</span> <span class="hljs-number">1</span><span class="hljs-punctuation">_</span><span class="hljs-number">2</span><span class="hljs-punctuation">_</span><span class="hljs-number">3</span> <span class="hljs-punctuation">[</span><span class="hljs-number">1</span><span class="hljs-punctuation">_</span><span class="hljs-number">2</span> <span class="hljs-number">3</span><span class="hljs-punctuation">_</span><span class="hljs-number">4</span><span class="hljs-punctuation">]</span>
