<span class="hljs-built_in">◠</span> <span class="hljs-built_in">⌵</span> <span class="hljs-built_in">+</span> <span class="hljs-built_in">⌝</span> <span class="hljs-built_in">’</span> <span class="hljs-built_in">⍤</span> <span class="hljs-built_in">∠</span> <span class="hljs-built_in">˜</span> <span class="hljs-built_in">◡</span> <span class="hljs-built_in">⋯</span> <span class="hljs-built_in">∩</span> <span class="hljs-built_in">□</span> <span class="hljs-built_in">⊓</span> <span class="hljs-built_in">⊸</span> <span class="hljs-built_in">⍩</span> <span class="hljs-built_in">⌈</span> <span class="hljs-built_in">⑄</span> <span class="hljs-built_in">⊛</span> <span class="hljs-built_in">ℂ</span> <span class="hljs-built_in">◇</span> <span class="hljs-built_in">⊟</span> <span class="hljs-built_in">◴</span> <span class="hljs-built_in">∂</span> <span class="hljs-built_in">♭</span> <span class="hljs-built_in">⊙</span> <span class="hljs-built_in">÷</span> <span class="hljs-built_in">⍢</span> <span class="hljs-built_in">↘</span> <span class="hljs-built_in">.</span> <span class="hljs-built_in">∵</span> <span class="hljs-built_in">=</span> <span class="hljs-built_in">⍖</span> <span class="hljs-built_in">⬚</span> <span class="hljs-built_in">⌕</span> <span class="hljs-built_in">⊢</span> <span class="hljs-built_in">¤</span> <span class="hljs-built_in">:</span> <span class="hljs-built_in">⌊</span> <span class="hljs-built_in">∧</span> <span class="hljs-built_in">⊃</span> <span class="hljs-built_in">⋅</span> <span class="hljs-built_in">≥</span> &amp;<span class="hljs-built_in">g</span><span class="hljs-built_in">t</span>; <span class="hljs-built_in">⊕</span> <span class="hljs-built_in">∘</span> <span class="hljs-built_in">⊗</span> <span class="hljs-built_in">∫</span> <span class="hljs-built_in">⍚</span> <span class="hljs-built_in">⊂</span> <span class="hljs-built_in">▽</span> <span class="hljs-built_in">⊣</span> <span class="hljs-built_in">⧻</span> <span class="hljs-built_in">≤</span> &amp;<span class="hljs-built_in">l</span><span class="hljs-built_in">t</span>; <span class="hljs-built_in">ₙ</span> <span class="hljs-built_in">⦷</span> <span class="hljs-built_in">≍</span> <span class="hljs-built_in">↥</span> <span class="hljs-built_in">∊</span> <span class="hljs-built_in">∈</span> <span class="hljs-built_in">↧</span> <span class="hljs-built_in">◿</span> <span class="hljs-built_in">×</span> <span class="hljs-built_in">¯</span> <span class="hljs-built_in">¬</span> <span class="hljs-built_in">≠</span> <span class="hljs-built_in">⌅</span> <span class="hljs-built_in">⤚</span> <span class="hljs-built_in">⟜</span> <span class="hljs-built_in">⤸</span>  <span class="hljs-built_in">⋕</span> <span class="hljs-built_in">⊜</span> <span class="hljs-built_in">⊡</span> <span class="hljs-built_in">◌</span> <span class="hljs-built_in">ⁿ</span> <span class="hljs-built_in">⚂</span> <span class="hljs-built_in">⇡</span> <span class="hljs-built_in">/</span> <span class="hljs-built_in">⍥</span> <span class="hljs-built_in">☇</span> <span class="hljs-built_in">↯</span> <span class="hljs-built_in">⇌</span> <span class="hljs-built_in">⍏</span> <span class="hljs-built_in">↻</span> <span class="hljs-built_in">⁅</span> <span class="hljs-built_in">≡</span> <span class="hljs-built_in">\</span><span class="hljs-built_in">\</span> <span class="hljs-built_in">⊏</span> <span class="hljs-built_in">△</span> <span class="hljs-built_in">±</span> <span class="hljs-built_in">∿</span> <span class="hljs-built_in">⍆</span> <span class="hljs-built_in">√</span> <span class="hljs-built_in">?</span> - <span class="hljs-built_in">⨬</span> <span class="hljs-built_in">⊞</span> <span class="hljs-built_in">↙</span> <span class="hljs-built_in">⸮</span> <span class="hljs-built_in">⍉</span> <span class="hljs-built_in">◹</span> <span class="hljs-built_in">⍣</span> <span class="hljs-built_in">⧅</span> <span class="hljs-built_in">°</span> <span class="hljs-built_in">⍜</span> <span class="hljs-built_in">◰</span> <span class="hljs-built_in">⊚</span> <span class="hljs-built_in">◫</span> <span class="hljs-built_in">⤙</span>