<span class="hljs-title function_ invoke__">Name</span> <span class="hljs-title function_ invoke__">Age__1</span> <span class="hljs-title function_ invoke__">X</span> <span class="hljs-title function_ invoke__">y</span>
