<span class="hljs-number">5</span> <span class="hljs-number">6e3</span> <span class="hljs-number">0</span> <span class="hljs-number">3.2</span> <span class="hljs-number">3/4</span> <span class="hljs-number">¯2</span>/<span class="hljs-number">¯4</span> <span class="hljs-number">¯1.1</span> <span class="hljs-number">η</span> <span class="hljs-number">π</span> <span class="hljs-number">τ</span> <span class="hljs-number">∞</span>